host lock: took the shared lock on /tmp/cranpose-host-capacity.lock immediately
   Compiling cranpose-render-wgpu v0.1.115 (/home/s/develop/projects/cranpose-pr617-regression/crates/cranpose-render/wgpu)
    Finished `ci` profile [unoptimized + debuginfo] target(s) in 0.65s
     Running tests/viewport_uniform_growth.rs (target/ci/deps/viewport_uniform_growth-0c3a4821ce4a6dca)

running 1 test
[ERROR] GENERAL [Loader Message (0x0)]
	loader_scanned_icd_add: Could not get 'vkCreateInstance' via 'vk_icdGetInstanceProcAddr' for ICD libGLX_nvidia.so.0
[ERROR] 	objects: (type: INSTANCE, hndl: 0x7fdc10149970, name: ?)
[ERROR] GENERAL [Loader Message (0x0)]
	loader_icd_scan: Failed loading library associated with ICD JSON libGLX_nvidia.so.0. Ignoring this JSON
[ERROR] 	objects: (type: INSTANCE, hndl: 0x7fdc10149970, name: ?)

thread 'the_first_frame_keeps_every_viewport_when_uniform_storage_grows' (1807384) panicked at crates/cranpose-render/wgpu/tests/viewport_uniform_growth.rs:61:9:
assertion `left == right` failed: tile 0 must render on its first frame, including earlier passes after storage grows
  left: [18, 18, 24, 255]
 right: [32, 160, 224, 255]
note: run with `RUST_BACKTRACE=1` environment variable to display a backtrace
test the_first_frame_keeps_every_viewport_when_uniform_storage_grows ... FAILED

failures:

failures:
    the_first_frame_keeps_every_viewport_when_uniform_storage_grows

test result: FAILED. 0 passed; 1 failed; 0 ignored; 0 measured; 0 filtered out; finished in 0.31s

error: test failed, to rerun pass `-p cranpose-render-wgpu --test viewport_uniform_growth`
