Hardware frame-rate contracts: relaxed (presented cadence belongs to the display, not the tree)
  set CRANPOSE_ROBOT_FORCE_HARDWARE_PERF_CONTRACTS=1 to enforce them
Cleaning up...
Building desktop-app examples with profile 'robot'...
Using local rustc wrapper: /home/s/.cargo/bin/sccache
Using local tmpdir: /home/s/.cache/cranpose/tmp
Using local cargo build jobs: 1
   Compiling desktop-app v0.1.0 (/home/s/develop/projects/cranpose-pr617-regression/apps/desktop-demo)
    Finished `robot` profile [optimized] target(s) in 2.19s
host lock: took the exclusive host lock immediately
============================================
Running Robot Test Suite
Found 1 robot tests
Running tests sequentially
Log file: robot_test.log
============================================
Running robot_viewport_uniform_growth...
  [FAIL] robot_viewport_uniform_growth (exit=1, fail_in_log)

============================================
Test Suite Summary
============================================
Total: 1
Passed: 0
Failed: 1
Skipped (host capability): 0

[ERROR] 1 tests FAILED:
  - robot_viewport_uniform_growth

First failed test output (robot_viewport_uniform_growth, first 220 lines):
--------------------------------------------------
Attempt 1/2 for robot_viewport_uniform_growth (timeout=60s)
Host before attempt: cpu_mhz=min:800 avg:834 max:1202 temp_c=max:70.0 load_1m=1.32/12
MESA: info: vulkan: No DRI3 support detected - required for presentation
Note: you can probably enable DRI3 in your Xorg config

thread '<unnamed>' (1840117) panicked at apps/desktop-demo/robot-runners/robot_viewport_uniform_growth.rs:47:17:
assertion `left == right` failed: tile 0 is missing from the presented frame after uniform storage grows; capture=/home/s/.cache/cranpose/tmp/viewport-uniform-growth.png
  left: [255, 255, 255]
 right: [32, 160, 224]
note: run with `RUST_BACKTRACE=1` environment variable to display a backtrace
desktop launch failed: desktop robot test driver panicked: assertion `left == right` failed: tile 0 is missing from the presented frame after uniform storage grows; capture=/home/s/.cache/cranpose/tmp/viewport-uniform-growth.png
  left: [255, 255, 255]
 right: [32, 160, 224]
--------------------------------------------------

See robot_test.log for full output
Preserving robot result artifacts after status 1: /home/s/.cache/cranpose/tmp/cranpose-robot-results.HJjD3w
